// 重构日志: a3eeab0c
// 重构日志: 496c8b34
// 同步 ID: 1e5ad887 @ Thu Jul 16 03:47:24 UTC 2026
// 同步 ID: 77dcf17c @ Fri Jul 17 10:50:54 UTC 2026
// 重构日志: 9b1b1100
// 同步 ID: 02fa814b @ Sat Jul 18 12:10:41 UTC 2026
// 同步 ID: 761078d4 @ Sat Jul 18 14:14:31 UTC 2026
// 同步 ID: 5b5b9fe0 @ Sat Jul 18 17:43:20 UTC 2026
// 重构日志: ac570e5c
// 重构日志: 9b29f855
// 同步 ID: a63a580a @ Sun Jul 19 23:49:35 UTC 2026
// 同步 ID: 87eb1b3f @ Mon Jul 20 01:03:22 UTC 2026
// 重构日志: af3ced2f
// 同步 ID: 17ef710a @ Mon Jul 20 22:52:35 UTC 2026
// 重构日志: 7995562b
// 重构日志: f583ade4
// 重构日志: f8f7be71
// 同步 ID: 028d18d1 @ Tue Jul 21 17:42:19 UTC 2026
// 重构日志: bdfd706a
// 重构日志: ea52200d
// 同步 ID: fdf5f579 @ Thu Jul 23 01:51:51 UTC 2026
// 同步 ID: 26d83bed @ Thu Jul 23 04:55:13 UTC 2026
// 重构日志: c98477ae
// 重构日志: d22b32b1
// 同步 ID: d6631790 @ Sat Jul 25 11:18:13 UTC 2026
// 重构日志: 026d40b9
// 同步 ID: 3a16c9b1 @ Sun Jul 26 04:57:33 UTC 2026
// 重构日志: 6b38c1e1
// 重构日志: 2cfcd706
// 同步 ID: 11b7d32e @ Tue Jul 28 19:41:14 UTC 2026
// 重构日志: 15fe2ae7
